1029 45
2059 43
3089 41
4119 42
5150 45
6180 45
7211 44
8241 42
9271 39
10300 37
11330 36
12359 32
13389 28
14418 24
15447 21
16476 19
17505 14
18533 12
19561 8
20589 6
21617 3
22644 2
23672 2
24700 1
25728 4
26756 8
27784 9
28813 11
29841 14
30870 16
31898 18
32927 20
33956 22
34985 25
36015 28
37045 29
38074 31
39103 33
40133 35
41163 37
42193 40
43224 42
44254 43
45284 42
46314 38
47343 35
48373 33
49402 31
50432 29
51462 29
52491 24
53520 21
54548 18
55577 16
56605 12
57633 10
58661 8
59689 7
60718 6
61746 4
62774 10
63803 15
64831 19
65860 21
66889 28
67919 31
68948 35
69979 38
71009 38
72039 38
73069 39
74099 41
75129 44
76160 46
77191 50
78221 49
79251 49
80282 51
81312 50
82343 50
83374 42
84404 42
85434 42
86464 42
87494 36
88522 20
89551 9
90579 10
91608 20
92638 35
93668 47
94699 46
95729 41
96758 34
97787 27
98817 22
99846 20
100875 15
101903 16
102931 7
103959 3
104987 7
106016 18
107045 29
108076 37
109106 43
110136 48
111167 50
112197 48
113227 46
114258 43
115289 41
116318 39
117348 40
118378 37
119408 33
120437 29
121466 21
122496 21
123525 20
124553 20
125582 20
126611 15
127639 12
128667 10
129696 9
130724 13
131753 19
132783 24
133812 31
134842 39
135872 42
136902 43
137933 44
138963 44
139994 43
141024 43
142054 43
143084 43
144114 43
