Timestamp raw_distance filtered_distance
1029 45 45
2059 43 44
3089 41 43
4119 42 42.75
5150 45 43.2
6180 45 43.2
7211 44 43.4
8241 42 43.6
9271 39 43
10300 37 41.4
11330 36 39.6
12359 32 37.2
13389 28 34.4
14418 24 31.4
15447 21 28.2
16476 19 24.8
17505 14 21.2
18533 12 18
19561 8 14.8
20589 6 11.8
21617 3 8.6
22644 2 6.2
23672 2 4.2
24700 1 2.8
25728 4 2.4
26756 8 3.4
27784 9 4.8
28813 11 6.6
29841 14 9.2
30870 16 11.6
31898 18 13.6
32927 20 15.8
33956 22 18
34985 25 20.2
36015 28 22.6
37045 29 24.8
38074 31 27
39103 33 29.2
40133 35 31.2
41163 37 33
42193 40 35.2
43224 42 37.4
44254 43 39.4
45284 42 40.8
46314 38 41
47343 35 40
48373 33 38.2
49402 31 35.8
50432 29 33.2
51462 29 31.4
52491 24 29.2
53520 21 26.8
54548 18 24.2
55577 16 21.6
56605 12 18.2
57633 10 15.4
58661 8 12.8
59689 7 10.6
60718 6 8.6
61746 4 7
62774 10 7
63803 15 8.4
64831 19 10.8
65860 21 13.8
66889 28 18.6
67919 31 22.8
68948 35 26.8
69979 38 30.6
71009 38 34
72039 38 36
73069 39 37.6
74099 41 38.8
75129 44 40
76160 46 41.6
77191 50 44
78221 49 46
79251 49 47.6
80282 51 49
81312 50 49.8
82343 50 49.8
83374 42 48.4
84404 42 47
85434 42 45.2
86464 42 43.6
87494 36 40.8
88522 20 36.4
89551 9 29.8
90579 10 23.4
91608 20 19
92638 35 18.8
93668 47 24.2
94699 46 31.6
95729 41 37.8
96758 34 40.6
97787 27 39
98817 22 34
99846 20 28.8
100875 15 23.6
101903 16 20
102931 7 16
103959 3 12.2
104987 7 9.6
106016 18 10.2
107045 29 12.8
108076 37 18.8
109106 43 26.8
110136 48 35
111167 50 41.4
112197 48 45.2
113227 46 47
114258 43 47
115289 41 45.6
116318 39 43.4
117348 40 41.8
118378 37 40
119408 33 38
120437 29 35.6
121466 21 32
122496 21 28.2
123525 20 24.8
124553 20 22.2
125582 20 20.4
126611 15 19.2
127639 12 17.4
128667 10 15.4
129696 9 13.2
130724 13 11.8
131753 19 12.6
132783 24 15
133812 31 19.2
134842 39 25.2
135872 42 31
136902 43 35.8
137933 44 39.8
138963 44 42.4
139994 43 43.2
141024 43 43.4
142054 43 43.4
143084 43 43.2
144114 43 43
