1030 49
2060 49
3090 49
4121 49
5151 49
6182 49
7213 49.3333
8243 49.6667
9274 49.6667
10304 49.3333
11335 49
12365 49
13396 49
14427 49.3333
15458 49.6667
16488 50
17518 49.6667
18549 49.3333
19579 49
20611 49
21641 49
22672 49.3333
23702 49.3333
24733 49.3333
25763 49
26795 49
27825 49
28855 49
29886 49
30916 49
31947 49
32977 49
34009 49
35039 49.3333
36070 49.3333
37100 49.3333
38131 49.3333
39161 49.6667
40192 50
41223 50
42253 49.6667
43284 49.3333
44314 49
45345 49.3333
46375 49.6667
47407 50
48437 49.6667
49468 49.3333
50498 49.3333
51529 49.6667
52559 49.6667
53590 49.6667
54621 49.3333
55651 49.3333
56682 49.3333
57712 49.3333
58743 49.6667
59773 49.3333
60805 49.6667
61835 49.3333
62866 49.3333
63896 49
64926 49
65957 49.3333
66988 49.3333
68019 49.3333
69049 49
70080 49
71110 49.3333
72141 49.6667
73171 49.6667
74203 49.6667
75233 49.3333
76263 49.6667
77294 49.6667
78324 49.6667
79355 49.6667
80386 49.6667
81417 49.6667
82447 49.6667
83478 49.3333
84508 49.6667
85539 49.6667
86569 49.6667
87601 49.6667
88631 49.3333
89661 49.3333
90692 49.3333
91722 49.3333
92753 49.3333
93784 49
94815 49
95845 49
96876 49.3333
97906 49.6667
98937 50
99968 50
100999 50
102029 50
103060 50
104090 50
105121 50
106151 50
107183 50
108213 50
109244 50
110274 50
111305 50
112335 50
113367 50
114397 49.6667
115428 49.6667
116458 49.3333
117489 49.3333
118519 49
119550 49
120581 49
121612 49
122642 49
123673 49.3333
124703 49.3333
125734 49.3333
126765 49.3333
127796 49.3333
128826 49.3333
129857 49
130887 49
131918 49
132948 49.3333
133980 49.3333
135010 49.3333
136041 49
137071 49
138102 49
139132 49
140164 49
141194 49
142225 49
143255 49
144286 49
145316 49.3333
146348 49.6667
147378 49.6667
148409 49.3333
149439 49.3333
150470 49.3333
151500 49.3333
152531 49.3333
153562 49.6667
154593 50
155623 50
156654 50
157684 50
158715 50
159746 50
160777 49.6667
161807 49.3333
162838 49.3333
163868 49.3333
164899 49.3333
165929 49.3333
166961 49.6667
167991 50
169022 49.6667
170052 49.3333
171083 49
172113 49
173145 49
174175 49.3333
175206 49.6667
176236 49.6667
177267 49.6667
178297 49.6667
179329 49.6667
180359 49.3333
181390 49
182420 49.3333
183451 49.3333
184481 49.3333
185512 49
186543 49
187574 49
188604 49
189635 49
190665 49
191696 49
192727 49
193758 49.3333
194788 49.3333
195819 49.3333
196849 49.3333
197880 49.3333
198910 49.3333
199942 49.3333
200972 49.3333
202003 49.3333
203033 49
204064 49
205094 49
206126 49
207156 49
208186 49
209217 49
210247 49.3333
211278 49.6667
212308 49.6667
213340 49.3333
214370 49
215401 49
216431 49
217462 49.3333
218492 49.6667
219524 50
220554 49.6667
221585 49.3333
222615 49
223646 49
224676 49
225708 49.3333
226738 49.6667
227769 50
228799 49.6667
229830 49.3333
230860 49
231891 49
232922 49
233953 49
234983 49
236014 49
237044 49
238075 49
239106 49.3333
240137 49.6667
241167 50
242198 50
243228 50
244259 50
245289 49.6667
246321 49.6667
247352 49.6667
248382 50
249413 49.6667
250443 49.6667
251474 49.6667
252505 49.6667
253536 49.3333
254566 49.3333
255597 49.3333
256627 49.3333
257658 49.3333
258689 49.3333
259720 49.3333
260750 49.3333
261781 49.3333
262811 49.3333
263842 49
264872 49.3333
265904 49.3333
266934 49.6667
267965 49.6667
268995 50
270026 50
271056 49.6667
272088 49.3333
273118 49
274149 49
275179 49
276210 49
277240 49
278272 49
279302 49
280333 49
281363 49
282394 49.3333
283424 49.3333
284455 49.3333
285486 49
286517 49
287547 49
288577 49
289608 49
290638 49
291670 49
292700 49
293731 49
294761 49
295792 49
296822 49
297853 49
298884 49.3333
299915 49.3333
300945 49.3333
301976 49
303006 49
304037 49
305068 49
306099 49
307129 49
308160 49
309190 49
310221 49
311251 49
312283 49
313313 49
314344 49
315374 49
316405 49
317435 49
318467 49
319497 49
320528 49
321558 49
322589 49
323619 49.3333
324651 49.3333
325681 49.3333
326712 49
327742 49
328773 49
329803 49
330834 49
331865 49
332896 49
333926 49
334957 49
335987 49
337018 49
338049 49
339080 49
340110 49
341141 49
342171 49
343202 49.3333
344232 49.3333
345264 49.6667
346294 49.6667
347325 49.6667
348355 49.3333
349386 49.3333
350416 49.6667
351448 49.6667
352478 49.3333
353509 49
354539 49
355570 49.3333
356600 49.3333
357632 49.6667
358662 49.6667
359693 50
360723 49.6667
361754 49.3333
362784 49.3333
363815 49.3333
364846 49.3333
365877 49.3333
366907 49.6667
367938 49.6667
368968 49.3333
369999 49.3333
371030 49.6667
372061 50
373091 50
374122 49.6667
375152 49.6667
376183 49.3333
377213 49.6667
378245 49.3333
379275 49.6667
380306 49.6667
381336 49.6667
382367 49.3333
383397 49.3333
384429 49.3333
385459 49.3333
386490 49
387520 49
388551 49
389581 49
390612 49
391643 49
392674 49
393704 49
394735 49
395765 49
396796 49
397827 49.3333
398858 49.6667
399888 49.6667
400919 49.3333
401949 49.3333
402980 49.6667
404011 49.6667
405042 49.3333
406072 49.3333
407103 49.3333
408133 49.3333
409164 49
410194 49.3333
411226 49.3333
412256 49.3333
413287 49
