1029 45
2059 44
3089 43
4119 42.75
5150 43.2
6180 43.5
7211 43.5714
8241 43.375
9271 42.8889
10300 42.3
11330 41.4
12359 40.3
13389 39
14418 37.2
15447 34.8
16476 32.2
17505 29.2
18533 26.2
19561 23.1
20589 20
21617 16.7
22644 13.7
23672 11.1
24700 8.8
25728 7.1
26756 6
27784 5.5
28813 5.4
29841 6
30870 7
31898 8.5
32927 10.3
33956 12.3
34985 14.7
36015 17.1
37045 19.2
38074 21.4
39103 23.6
40133 25.7
41163 27.8
42193 30
43224 32.2
44254 34.3
45284 36
46314 37
47343 37.6
48373 37.8
49402 37.6
50432 37
51462 36.2
52491 34.6
53520 32.5
54548 30
55577 27.4
56605 24.8
57633 22.3
58661 19.8
59689 17.4
60718 15.1
61746 12.6
62774 11.2
63803 10.6
64831 10.7
65860 11.2
66889 12.8
67919 14.9
68948 17.6
69979 20.7
71009 23.9
72039 27.3
73069 30.2
74099 32.8
75129 35.3
76160 37.8
77191 40
78221 41.8
79251 43.2
80282 44.5
81312 45.7
82343 46.9
83374 47.2
84404 47.3
85434 47.1
86464 46.7
87494 45.3
88522 42.4
89551 38.4
90579 34.3
91608 31.3
92638 29.8
93668 30.3
94699 30.7
95729 30.6
96758 29.8
97787 28.9
98817 29.1
99846 30.2
100875 30.7
101903 30.3
102931 27.5
103959 23.1
104987 19.2
106016 16.9
107045 16.4
108076 17.4
109106 19.5
110136 22.3
111167 25.8
112197 29
113227 32.9
114258 36.9
115289 40.3
116318 42.4
117348 43.5
118378 43.5
119408 42.5
120437 40.6
121466 37.7
122496 35
123525 32.4
124553 30.1
125582 28
126611 25.6
127639 22.8
128667 20.1
129696 17.7
130724 16.1
131753 15.9
132783 16.2
133812 17.3
134842 19.2
135872 21.4
136902 24.2
137933 27.4
138963 30.8
139994 34.2
141024 37.2
142054 39.6
143084 41.5
144114 42.7
