1030 49
2060 49
3090 49
4121 49
5151 49
6182 49
7213 49.1429
8243 49.25
9274 49.2222
10304 49.2
11335 49.2
12365 49.2
13396 49.2
14427 49.3
15458 49.4
16488 49.5
17518 49.4
18549 49.3
19579 49.3
20611 49.3
21641 49.3
22672 49.4
23702 49.4
24733 49.3
25763 49.2
26795 49.1
27825 49.1
28855 49.1
29886 49.1
30916 49.1
31947 49.1
32977 49
34009 49
35039 49.1
36070 49.1
37100 49.1
38131 49.2
39161 49.3
40192 49.4
41223 49.5
42253 49.5
43284 49.5
44314 49.5
45345 49.5
46375 49.6
47407 49.7
48437 49.6
49468 49.5
50498 49.5
51529 49.5
52559 49.5
53590 49.6
54621 49.6
55651 49.5
56682 49.5
57712 49.4
58743 49.5
59773 49.5
60805 49.5
61835 49.4
62866 49.4
63896 49.3
64926 49.3
65957 49.4
66988 49.3
68019 49.3
69049 49.2
70080 49.2
71110 49.2
72141 49.3
73171 49.3
74203 49.4
75233 49.4
76263 49.4
77294 49.5
78324 49.5
79355 49.6
80386 49.7
81417 49.6
82447 49.6
83478 49.6
84508 49.6
85539 49.7
86569 49.6
87601 49.6
88631 49.6
89661 49.5
90692 49.5
91722 49.5
92753 49.4
93784 49.4
94815 49.3
95845 49.2
96876 49.3
97906 49.3
98937 49.4
99968 49.5
100999 49.5
102029 49.6
103060 49.7
104090 49.8
105121 49.9
106151 50
107183 50
108213 50
109244 50
110274 50
111305 50
112335 50
113367 50
114397 49.9
115428 49.9
116458 49.8
117489 49.7
118519 49.6
119550 49.5
120581 49.4
121612 49.3
122642 49.2
123673 49.2
124703 49.2
125734 49.1
126765 49.2
127796 49.2
128826 49.2
129857 49.2
130887 49.2
131918 49.2
132948 49.3
133980 49.2
135010 49.2
136041 49.2
137071 49.1
138102 49.1
139132 49.1
140164 49.1
141194 49.1
142225 49.1
143255 49
144286 49
145316 49.1
146348 49.2
147378 49.2
148409 49.2
149439 49.3
150470 49.3
151500 49.3
152531 49.4
153562 49.5
154593 49.6
155623 49.6
156654 49.6
157684 49.7
158715 49.8
159746 49.8
160777 49.8
161807 49.8
162838 49.8
163868 49.7
164899 49.6
165929 49.6
166961 49.6
167991 49.6
169022 49.5
170052 49.4
171083 49.4
172113 49.4
173145 49.3
174175 49.4
175206 49.5
176236 49.4
177267 49.4
178297 49.4
179329 49.4
180359 49.4
181390 49.4
182420 49.5
183451 49.5
184481 49.4
185512 49.3
186543 49.3
187574 49.2
188604 49.1
189635 49.1
190665 49.1
191696 49.1
192727 49
193758 49.1
194788 49.1
195819 49.1
196849 49.2
197880 49.2
198910 49.2
199942 49.3
200972 49.3
202003 49.3
203033 49.3
204064 49.2
205094 49.2
206126 49.2
207156 49.1
208186 49.1
209217 49.1
210247 49.1
211278 49.2
212308 49.2
213340 49.2
214370 49.2
215401 49.2
216431 49.2
217462 49.3
218492 49.4
219524 49.5
220554 49.4
221585 49.3
222615 49.3
223646 49.3
224676 49.3
225708 49.4
226738 49.5
227769 49.5
228799 49.4
229830 49.3
230860 49.3
231891 49.3
232922 49.3
233953 49.3
234983 49.3
236014 49.2
237044 49.1
238075 49
239106 49.1
240137 49.2
241167 49.3
242198 49.4
243228 49.5
244259 49.6
245289 49.6
246321 49.7
247352 49.8
248382 49.9
249413 49.8
250443 49.8
251474 49.8
252505 49.7
253536 49.6
254566 49.6
255597 49.6
256627 49.5
257658 49.5
258689 49.4
259720 49.4
260750 49.4
261781 49.3
262811 49.3
263842 49.3
264872 49.3
265904 49.3
266934 49.4
267965 49.4
268995 49.5
270026 49.6
271056 49.5
272088 49.5
273118 49.5
274149 49.5
275179 49.4
276210 49.4
277240 49.3
278272 49.2
279302 49.1
280333 49
281363 49
282394 49.1
283424 49.1
284455 49.1
285486 49.1
286517 49.1
287547 49.1
288577 49.1
289608 49.1
290638 49.1
291670 49.1
292700 49
293731 49
294761 49
295792 49
296822 49
297853 49
298884 49.1
299915 49.1
300945 49.1
301976 49.1
303006 49.1
304037 49.1
305068 49.1
306099 49.1
307129 49.1
308160 49.1
309190 49
310221 49
311251 49
312283 49
313313 49
314344 49
315374 49
316405 49
317435 49
318467 49
319497 49
320528 49
321558 49
322589 49
323619 49.1
324651 49.1
325681 49.1
326712 49.1
327742 49.1
328773 49.1
329803 49.1
330834 49.1
331865 49.1
332896 49.1
333926 49
334957 49
335987 49
337018 49
338049 49
339080 49
340110 49
341141 49
342171 49
343202 49.1
344232 49.1
345264 49.2
346294 49.3
347325 49.3
348355 49.3
349386 49.4
350416 49.5
351448 49.5
352478 49.5
353509 49.4
354539 49.4
355570 49.4
356600 49.3
357632 49.4
358662 49.5
359693 49.5
360723 49.4
361754 49.4
362784 49.5
363815 49.5
364846 49.5
365877 49.5
366907 49.6
367938 49.5
368968 49.4
369999 49.4
371030 49.5
372061 49.6
373091 49.6
374122 49.6
375152 49.7
376183 49.6
377213 49.6
378245 49.6
379275 49.7
380306 49.7
381336 49.6
382367 49.5
383397 49.5
384429 49.5
385459 49.4
386490 49.4
387520 49.3
388551 49.3
389581 49.2
390612 49.1
391643 49.1
392674 49.1
393704 49
394735 49
395765 49
396796 49
397827 49.1
398858 49.2
399888 49.2
400919 49.2
401949 49.3
402980 49.4
404011 49.4
405042 49.4
406072 49.5
407103 49.5
408133 49.4
409164 49.3
410194 49.4
411226 49.4
412256 49.3
413287 49.2
