1029 45
2059 44
3089 43
4119 42.75
5150 43.2
6180 43.2
7211 43.4
8241 43.6
9271 43
10300 41.4
11330 39.6
12359 37.2
13389 34.4
14418 31.4
15447 28.2
16476 24.8
17505 21.2
18533 18
19561 14.8
20589 11.8
21617 8.6
22644 6.2
23672 4.2
24700 2.8
25728 2.4
26756 3.4
27784 4.8
28813 6.6
29841 9.2
30870 11.6
31898 13.6
32927 15.8
33956 18
34985 20.2
36015 22.6
37045 24.8
38074 27
39103 29.2
40133 31.2
41163 33
42193 35.2
43224 37.4
44254 39.4
45284 40.8
46314 41
47343 40
48373 38.2
49402 35.8
50432 33.2
51462 31.4
52491 29.2
53520 26.8
54548 24.2
55577 21.6
56605 18.2
57633 15.4
58661 12.8
59689 10.6
60718 8.6
61746 7
62774 7
63803 8.4
64831 10.8
65860 13.8
66889 18.6
67919 22.8
68948 26.8
69979 30.6
71009 34
72039 36
73069 37.6
74099 38.8
75129 40
76160 41.6
77191 44
78221 46
79251 47.6
80282 49
81312 49.8
82343 49.8
83374 48.4
84404 47
85434 45.2
86464 43.6
87494 40.8
88522 36.4
89551 29.8
90579 23.4
91608 19
92638 18.8
93668 24.2
94699 31.6
95729 37.8
96758 40.6
97787 39
98817 34
99846 28.8
100875 23.6
101903 20
102931 16
103959 12.2
104987 9.6
106016 10.2
107045 12.8
108076 18.8
109106 26.8
110136 35
111167 41.4
112197 45.2
113227 47
114258 47
115289 45.6
116318 43.4
117348 41.8
118378 40
119408 38
120437 35.6
121466 32
122496 28.2
123525 24.8
124553 22.2
125582 20.4
126611 19.2
127639 17.4
128667 15.4
129696 13.2
130724 11.8
131753 12.6
132783 15
133812 19.2
134842 25.2
135872 31
136902 35.8
137933 39.8
138963 42.4
139994 43.2
141024 43.4
142054 43.4
143084 43.2
144114 43
