1029 45
2059 44
3089 43
4119 42
5150 42.6667
6180 44
7211 44.6667
8241 43.6667
9271 41.6667
10300 39.3333
11330 37.3333
12359 35
13389 32
14418 28
15447 24.3333
16476 21.3333
17505 18
18533 15
19561 11.3333
20589 8.66667
21617 5.66667
22644 3.66667
23672 2.33333
24700 1.66667
25728 2.33333
26756 4.33333
27784 7
28813 9.33333
29841 11.3333
30870 13.6667
31898 16
32927 18
33956 20
34985 22.3333
36015 25
37045 27.3333
38074 29.3333
39103 31
40133 33
41163 35
42193 37.3333
43224 39.6667
44254 41.6667
45284 42.3333
46314 41
47343 38.3333
48373 35.3333
49402 33
50432 31
51462 29.6667
52491 27.3333
53520 24.6667
54548 21
55577 18.3333
56605 15.3333
57633 12.6667
58661 10
59689 8.33333
60718 7
61746 5.66667
62774 6.66667
63803 9.66667
64831 14.6667
65860 18.3333
66889 22.6667
67919 26.6667
68948 31.3333
69979 34.6667
71009 37
72039 38
73069 38.3333
74099 39.3333
75129 41.3333
76160 43.6667
77191 46.6667
78221 48.3333
79251 49.3333
80282 49.6667
81312 50
82343 50.3333
83374 47.3333
84404 44.6667
85434 42
86464 42
87494 40
88522 32.6667
89551 21.6667
90579 13
91608 13
92638 21.6667
93668 34
94699 42.6667
95729 44.6667
96758 40.3333
97787 34
98817 27.6667
99846 23
100875 19
101903 17
102931 12.6667
103959 8.66667
104987 5.66667
106016 9.33333
107045 18
108076 28
109106 36.3333
110136 42.6667
111167 47
112197 48.6667
113227 48
114258 45.6667
115289 43.3333
116318 41
117348 40
118378 38.6667
119408 36.6667
120437 33
121466 27.6667
122496 23.6667
123525 20.6667
124553 20.3333
125582 20
126611 18.3333
127639 15.6667
128667 12.3333
129696 10.3333
130724 10.6667
131753 13.6667
132783 18.6667
133812 24.6667
134842 31.3333
135872 37.3333
136902 41.3333
137933 43
138963 43.6667
139994 43.6667
141024 43.3333
142054 43
143084 43
144114 43
