1030 49
2060 49
3090 49
4121 49
5151 49
6182 49
7213 49.5
8243 49.75
9274 49.375
10304 49.1875
11335 49.0938
12365 49.0469
13396 49.0234
14427 49.5117
15458 49.7559
16488 49.8779
17518 49.439
18549 49.2195
19579 49.1097
20611 49.0549
21641 49.0274
22672 49.5137
23702 49.2569
24733 49.1284
25763 49.0642
26795 49.0321
27825 49.0161
28855 49.008
29886 49.004
30916 49.002
31947 49.001
32977 49.0005
34009 49.0003
35039 49.5001
36070 49.2501
37100 49.125
38131 49.5625
39161 49.7813
40192 49.8906
41223 49.9453
42253 49.4727
43284 49.2363
44314 49.1182
45345 49.5591
46375 49.7795
47407 49.8898
48437 49.4449
49468 49.2224
50498 49.6112
51529 49.8056
52559 49.4028
53590 49.7014
54621 49.3507
55651 49.1754
56682 49.5877
57712 49.2938
58743 49.6469
59773 49.3235
60805 49.6617
61835 49.3309
62866 49.1654
63896 49.0827
64926 49.0414
65957 49.5207
66988 49.2603
68019 49.1302
69049 49.0651
70080 49.0325
71110 49.5163
72141 49.7581
73171 49.3791
74203 49.6895
75233 49.3448
76263 49.6724
77294 49.8362
78324 49.4181
79355 49.709
80386 49.8545
81417 49.4273
82447 49.7136
83478 49.3568
84508 49.6784
85539 49.8392
86569 49.4196
87601 49.7098
88631 49.3549
89661 49.1775
90692 49.5887
91722 49.2944
92753 49.1472
93784 49.0736
94815 49.0368
95845 49.0184
96876 49.5092
97906 49.7546
98937 49.8773
99968 49.9387
100999 49.9693
102029 49.9847
103060 49.9923
104090 49.9962
105121 49.9981
106151 49.999
107183 49.9995
108213 49.9998
109244 49.9999
110274 49.9999
111305 50
112335 50
113367 50
114397 49.5
115428 49.75
116458 49.375
117489 49.1875
118519 49.0938
119550 49.0469
120581 49.0234
121612 49.0117
122642 49.0059
123673 49.5029
124703 49.2515
125734 49.1257
126765 49.5629
127796 49.2814
128826 49.1407
129857 49.0704
130887 49.0352
131918 49.0176
132948 49.5088
133980 49.2544
135010 49.1272
136041 49.0636
137071 49.0318
138102 49.0159
139132 49.0079
140164 49.004
141194 49.002
142225 49.001
143255 49.0005
144286 49.0002
145316 49.5001
146348 49.7501
147378 49.375
148409 49.1875
149439 49.5938
150470 49.2969
151500 49.1484
152531 49.5742
153562 49.7871
154593 49.8936
155623 49.9468
156654 49.9734
157684 49.9867
158715 49.9933
159746 49.9967
160777 49.4983
161807 49.2492
162838 49.6246
163868 49.3123
164899 49.1561
165929 49.5781
166961 49.789
167991 49.8945
169022 49.4473
170052 49.2236
171083 49.1118
172113 49.0559
173145 49.028
174175 49.514
175206 49.757
176236 49.3785
177267 49.6892
178297 49.8446
179329 49.4223
180359 49.2112
181390 49.1056
182420 49.5528
183451 49.2764
184481 49.1382
185512 49.0691
186543 49.0345
187574 49.0173
188604 49.0086
189635 49.0043
190665 49.0022
191696 49.0011
192727 49.0005
193758 49.5003
194788 49.2501
195819 49.1251
196849 49.5625
197880 49.2813
198910 49.1406
199942 49.5703
200972 49.2852
202003 49.1426
203033 49.0713
204064 49.0356
205094 49.0178
206126 49.0089
207156 49.0045
208186 49.0022
209217 49.0011
210247 49.5006
211278 49.7503
212308 49.3751
213340 49.1876
214370 49.0938
215401 49.0469
216431 49.0234
217462 49.5117
218492 49.7559
219524 49.8779
220554 49.439
221585 49.2195
222615 49.1097
223646 49.0549
224676 49.0274
225708 49.5137
226738 49.7569
227769 49.8784
228799 49.4392
229830 49.2196
230860 49.1098
231891 49.0549
232922 49.0275
233953 49.0137
234983 49.0069
236014 49.0034
237044 49.0017
238075 49.0009
239106 49.5004
240137 49.7502
241167 49.8751
242198 49.9376
243228 49.9688
244259 49.9844
245289 49.4922
246321 49.7461
247352 49.873
248382 49.9365
249413 49.4683
250443 49.7341
251474 49.8671
252505 49.4335
253536 49.2168
254566 49.6084
255597 49.3042
256627 49.1521
257658 49.576
258689 49.288
259720 49.144
260750 49.572
261781 49.286
262811 49.143
263842 49.0715
264872 49.5358
265904 49.2679
266934 49.6339
267965 49.817
268995 49.9085
270026 49.9542
271056 49.4771
272088 49.2386
273118 49.1193
274149 49.0596
275179 49.0298
276210 49.0149
277240 49.0075
278272 49.0037
279302 49.0019
280333 49.0009
281363 49.0005
282394 49.5002
283424 49.2501
284455 49.1251
285486 49.0625
286517 49.0313
287547 49.0156
288577 49.0078
289608 49.0039
290638 49.002
291670 49.001
292700 49.0005
293731 49.0002
294761 49.0001
295792 49.0001
296822 49
297853 49
298884 49.5
299915 49.25
300945 49.125
301976 49.0625
303006 49.0312
304037 49.0156
305068 49.0078
306099 49.0039
307129 49.002
308160 49.001
309190 49.0005
310221 49.0002
311251 49.0001
312283 49.0001
313313 49
314344 49
315374 49
316405 49
317435 49
318467 49
319497 49
320528 49
321558 49
322589 49
323619 49.5
324651 49.25
325681 49.125
326712 49.0625
327742 49.0312
328773 49.0156
329803 49.0078
330834 49.0039
331865 49.002
332896 49.001
333926 49.0005
334957 49.0002
335987 49.0001
337018 49.0001
338049 49
339080 49
340110 49
341141 49
342171 49
343202 49.5
344232 49.25
345264 49.625
346294 49.8125
347325 49.4062
348355 49.2031
349386 49.6016
350416 49.8008
351448 49.4004
352478 49.2002
353509 49.1001
354539 49.05
355570 49.525
356600 49.2625
357632 49.6313
358662 49.8156
359693 49.9078
360723 49.4539
361754 49.227
362784 49.6135
363815 49.3067
364846 49.1534
365877 49.5767
366907 49.7883
367938 49.3942
368968 49.1971
369999 49.5985
371030 49.7993
372061 49.8996
373091 49.9498
374122 49.4749
375152 49.7375
376183 49.3687
377213 49.6844
378245 49.3422
379275 49.6711
380306 49.8355
381336 49.4178
382367 49.2089
383397 49.6044
384429 49.3022
385459 49.1511
386490 49.0756
387520 49.0378
388551 49.0189
389581 49.0094
390612 49.0047
391643 49.0024
392674 49.0012
393704 49.0006
394735 49.0003
395765 49.0001
396796 49.0001
397827 49.5
398858 49.75
399888 49.375
400919 49.1875
401949 49.5938
402980 49.7969
404011 49.3984
405042 49.1992
406072 49.5996
407103 49.2998
408133 49.1499
409164 49.075
410194 49.5375
411226 49.2687
412256 49.1344
413287 49.0672
