1030 49
2060 49
3090 49
4121 49
5151 49
6182 49
7213 50
8243 50
9274 49
10304 49
11335 49
12365 49
13396 49
14427 50
15458 50
16488 50
17518 49
18549 49
19579 49
20611 49
21641 49
22672 50
23702 49
24733 49
25763 49
26795 49
27825 49
28855 49
29886 49
30916 49
31947 49
32977 49
34009 49
35039 50
36070 49
37100 49
38131 50
39161 50
40192 50
41223 50
42253 49
43284 49
44314 49
45345 50
46375 50
47407 50
48437 49
49468 49
50498 50
51529 50
52559 49
53590 50
54621 49
55651 49
56682 50
57712 49
58743 50
59773 49
60805 50
61835 49
62866 49
63896 49
64926 49
65957 50
66988 49
68019 49
69049 49
70080 49
71110 50
72141 50
73171 49
74203 50
75233 49
76263 50
77294 50
78324 49
79355 50
80386 50
81417 49
82447 50
83478 49
84508 50
85539 50
86569 49
87601 50
88631 49
89661 49
90692 50
91722 49
92753 49
93784 49
94815 49
95845 49
96876 50
97906 50
98937 50
99968 50
100999 50
102029 50
103060 50
104090 50
105121 50
106151 50
107183 50
108213 50
109244 50
110274 50
111305 50
112335 50
113367 50
114397 49
115428 50
116458 49
117489 49
118519 49
119550 49
120581 49
121612 49
122642 49
123673 50
124703 49
125734 49
126765 50
127796 49
128826 49
129857 49
130887 49
131918 49
132948 50
133980 49
135010 49
136041 49
137071 49
138102 49
139132 49
140164 49
141194 49
142225 49
143255 49
144286 49
145316 50
146348 50
147378 49
148409 49
149439 50
150470 49
151500 49
152531 50
153562 50
154593 50
155623 50
156654 50
157684 50
158715 50
159746 50
160777 49
161807 49
162838 50
163868 49
164899 49
165929 50
166961 50
167991 50
169022 49
170052 49
171083 49
172113 49
173145 49
174175 50
175206 50
176236 49
177267 50
178297 50
179329 49
180359 49
181390 49
182420 50
183451 49
184481 49
185512 49
186543 49
187574 49
188604 49
189635 49
190665 49
191696 49
192727 49
193758 50
194788 49
195819 49
196849 50
197880 49
198910 49
199942 50
200972 49
202003 49
203033 49
204064 49
205094 49
206126 49
207156 49
208186 49
209217 49
210247 50
211278 50
212308 49
213340 49
214370 49
215401 49
216431 49
217462 50
218492 50
219524 50
220554 49
221585 49
222615 49
223646 49
224676 49
225708 50
226738 50
227769 50
228799 49
229830 49
230860 49
231891 49
232922 49
233953 49
234983 49
236014 49
237044 49
238075 49
239106 50
240137 50
241167 50
242198 50
243228 50
244259 50
245289 49
246321 50
247352 50
248382 50
249413 49
250443 50
251474 50
252505 49
253536 49
254566 50
255597 49
256627 49
257658 50
258689 49
259720 49
260750 50
261781 49
262811 49
263842 49
264872 50
265904 49
266934 50
267965 50
268995 50
270026 50
271056 49
272088 49
273118 49
274149 49
275179 49
276210 49
277240 49
278272 49
279302 49
280333 49
281363 49
282394 50
283424 49
284455 49
285486 49
286517 49
287547 49
288577 49
289608 49
290638 49
291670 49
292700 49
293731 49
294761 49
295792 49
296822 49
297853 49
298884 50
299915 49
300945 49
301976 49
303006 49
304037 49
305068 49
306099 49
307129 49
308160 49
309190 49
310221 49
311251 49
312283 49
313313 49
314344 49
315374 49
316405 49
317435 49
318467 49
319497 49
320528 49
321558 49
322589 49
323619 50
324651 49
325681 49
326712 49
327742 49
328773 49
329803 49
330834 49
331865 49
332896 49
333926 49
334957 49
335987 49
337018 49
338049 49
339080 49
340110 49
341141 49
342171 49
343202 50
344232 49
345264 50
346294 50
347325 49
348355 49
349386 50
350416 50
351448 49
352478 49
353509 49
354539 49
355570 50
356600 49
357632 50
358662 50
359693 50
360723 49
361754 49
362784 50
363815 49
364846 49
365877 50
366907 50
367938 49
368968 49
369999 50
371030 50
372061 50
373091 50
374122 49
375152 50
376183 49
377213 50
378245 49
379275 50
380306 50
381336 49
382367 49
383397 50
384429 49
385459 49
386490 49
387520 49
388551 49
389581 49
390612 49
391643 49
392674 49
393704 49
394735 49
395765 49
396796 49
397827 50
398858 50
399888 49
400919 49
401949 50
402980 50
404011 49
405042 49
406072 50
407103 49
408133 49
409164 49
410194 50
411226 49
412256 49
413287 49
