1029 45
2059 44
3089 42.5
4119 42.25
5150 43.625
6180 44.3125
7211 44.1562
8241 43.0781
9271 41.0391
10300 39.0195
11330 37.5098
12359 34.7549
13389 31.3774
14418 27.6887
15447 24.3444
16476 21.6722
17505 17.8361
18533 14.918
19561 11.459
20589 8.72951
21617 5.86476
22644 3.93238
23672 2.96619
24700 1.98309
25728 2.99155
26756 5.49577
27784 7.24789
28813 9.12394
29841 11.562
30870 13.781
31898 15.8905
32927 17.9452
33956 19.9726
34985 22.4863
36015 25.2432
37045 27.1216
38074 29.0608
39103 31.0304
40133 33.0152
41163 35.0076
42193 37.5038
43224 39.7519
44254 41.3759
45284 41.688
46314 39.844
47343 37.422
48373 35.211
49402 33.1055
50432 31.0527
51462 30.0264
52491 27.0132
53520 24.0066
54548 21.0033
55577 18.5016
56605 15.2508
57633 12.6254
58661 10.3127
59689 8.65635
60718 7.32818
61746 5.66409
62774 7.83204
63803 11.416
64831 15.208
65860 18.104
66889 23.052
67919 27.026
68948 31.013
69979 34.5065
71009 36.2533
72039 37.1266
73069 38.0633
74099 39.5317
75129 41.7658
76160 43.8829
77191 46.9415
78221 47.9707
79251 48.4854
80282 49.7427
81312 49.8713
82343 49.9357
83374 45.9678
84404 43.9839
85434 42.992
86464 42.496
87494 39.248
88522 29.624
89551 19.312
90579 14.656
91608 17.328
92638 26.164
93668 36.582
94699 41.291
95729 41.1455
96758 37.5728
97787 32.2864
98817 27.1432
99846 23.5716
100875 19.2858
101903 17.6429
102931 12.3214
103959 7.66072
104987 7.33036
106016 12.6652
107045 20.8326
108076 28.9163
109106 35.9581
110136 41.9791
111167 45.9895
112197 46.9948
113227 46.4974
114258 44.7487
115289 42.8743
116318 40.9372
117348 40.4686
118378 38.7343
119408 35.8671
120437 32.4336
121466 26.7168
122496 23.8584
123525 21.9292
124553 20.9646
125582 20.4823
126611 17.7411
127639 14.8706
128667 12.4353
129696 10.7176
130724 11.8588
131753 15.4294
132783 19.7147
133812 25.3574
134842 32.1787
135872 37.0893
136902 40.0447
137933 42.0223
138963 43.0112
139994 43.0056
141024 43.0028
142054 43.0014
143084 43.0007
144114 43.0004
