1029 45
2059 44
3089 43
4119 42.5
5150 43
6180 43
7211 44
8241 44
9271 44
10300 42
11330 39
12359 37
13389 36
14418 32
15447 28
16476 24
17505 21
18533 19
19561 14
20589 12
21617 8
22644 6
23672 3
24700 2
25728 2
26756 2
27784 4
28813 8
29841 9
30870 11
31898 14
32927 16
33956 18
34985 20
36015 22
37045 25
38074 28
39103 29
40133 31
41163 33
42193 35
43224 37
44254 40
45284 42
46314 42
47343 42
48373 38
49402 35
50432 33
51462 31
52491 29
53520 29
54548 24
55577 21
56605 18
57633 16
58661 12
59689 10
60718 8
61746 7
62774 7
63803 7
64831 10
65860 15
66889 19
67919 21
68948 28
69979 31
71009 35
72039 38
73069 38
74099 38
75129 39
76160 41
77191 44
78221 46
79251 49
80282 49
81312 50
82343 50
83374 50
84404 50
85434 42
86464 42
87494 42
88522 42
89551 36
90579 20
91608 20
92638 20
93668 20
94699 35
95729 41
96758 41
97787 41
98817 34
99846 27
100875 22
101903 20
102931 16
103959 15
104987 7
106016 7
107045 7
108076 18
109106 29
110136 37
111167 43
112197 48
113227 48
114258 48
115289 46
116318 43
117348 41
118378 40
119408 39
120437 37
121466 33
122496 29
123525 21
124553 21
125582 20
126611 20
127639 20
128667 15
129696 12
130724 12
131753 12
132783 13
133812 19
134842 24
135872 31
136902 39
137933 42
138963 43
139994 43
141024 43
142054 43
143084 43
144114 43
