1030 49
2060 49
3090 49
4121 49
5151 49
6182 49
7213 49.2
8243 49.4
9274 49.4
10304 49.4
11335 49.4
12365 49.2
13396 49
14427 49.2
15458 49.4
16488 49.6
17518 49.6
18549 49.6
19579 49.4
20611 49.2
21641 49
22672 49.2
23702 49.2
24733 49.2
25763 49.2
26795 49.2
27825 49
28855 49
29886 49
30916 49
31947 49
32977 49
34009 49
35039 49.2
36070 49.2
37100 49.2
38131 49.4
39161 49.6
40192 49.6
41223 49.8
42253 49.8
43284 49.6
44314 49.4
45345 49.4
46375 49.4
47407 49.6
48437 49.6
49468 49.6
50498 49.6
51529 49.6
52559 49.4
53590 49.6
54621 49.6
55651 49.4
56682 49.4
57712 49.4
58743 49.4
59773 49.4
60805 49.6
61835 49.4
62866 49.4
63896 49.2
64926 49.2
65957 49.2
66988 49.2
68019 49.2
69049 49.2
70080 49.2
71110 49.2
72141 49.4
73171 49.4
74203 49.6
75233 49.6
76263 49.6
77294 49.6
78324 49.6
79355 49.6
80386 49.8
81417 49.6
82447 49.6
83478 49.6
84508 49.6
85539 49.6
86569 49.6
87601 49.6
88631 49.6
89661 49.4
90692 49.4
91722 49.4
92753 49.2
93784 49.2
94815 49.2
95845 49
96876 49.2
97906 49.4
98937 49.6
99968 49.8
100999 50
102029 50
103060 50
104090 50
105121 50
106151 50
107183 50
108213 50
109244 50
110274 50
111305 50
112335 50
113367 50
114397 49.8
115428 49.8
116458 49.6
117489 49.4
118519 49.2
119550 49.2
120581 49
121612 49
122642 49
123673 49.2
124703 49.2
125734 49.2
126765 49.4
127796 49.4
128826 49.2
129857 49.2
130887 49.2
131918 49
132948 49.2
133980 49.2
135010 49.2
136041 49.2
137071 49.2
138102 49
139132 49
140164 49
141194 49
142225 49
143255 49
144286 49
145316 49.2
146348 49.4
147378 49.4
148409 49.4
149439 49.6
150470 49.4
151500 49.2
152531 49.4
153562 49.6
154593 49.6
155623 49.8
156654 50
157684 50
158715 50
159746 50
160777 49.8
161807 49.6
162838 49.6
163868 49.4
164899 49.2
165929 49.4
166961 49.6
167991 49.6
169022 49.6
170052 49.6
171083 49.4
172113 49.2
173145 49
174175 49.2
175206 49.4
176236 49.4
177267 49.6
178297 49.8
179329 49.6
180359 49.4
181390 49.4
182420 49.4
183451 49.2
184481 49.2
185512 49.2
186543 49.2
187574 49
188604 49
189635 49
190665 49
191696 49
192727 49
193758 49.2
194788 49.2
195819 49.2
196849 49.4
197880 49.4
198910 49.2
199942 49.4
200972 49.4
202003 49.2
203033 49.2
204064 49.2
205094 49
206126 49
207156 49
208186 49
209217 49
210247 49.2
211278 49.4
212308 49.4
213340 49.4
214370 49.4
215401 49.2
216431 49
217462 49.2
218492 49.4
219524 49.6
220554 49.6
221585 49.6
222615 49.4
223646 49.2
224676 49
225708 49.2
226738 49.4
227769 49.6
228799 49.6
229830 49.6
230860 49.4
231891 49.2
232922 49
233953 49
234983 49
236014 49
237044 49
238075 49
239106 49.2
240137 49.4
241167 49.6
242198 49.8
243228 50
244259 50
245289 49.8
246321 49.8
247352 49.8
248382 49.8
249413 49.6
250443 49.8
251474 49.8
252505 49.6
253536 49.4
254566 49.6
255597 49.4
256627 49.2
257658 49.4
258689 49.4
259720 49.2
260750 49.4
261781 49.4
262811 49.2
263842 49.2
264872 49.4
265904 49.2
266934 49.4
267965 49.6
268995 49.8
270026 49.8
271056 49.8
272088 49.6
273118 49.4
274149 49.2
275179 49
276210 49
277240 49
278272 49
279302 49
280333 49
281363 49
282394 49.2
283424 49.2
284455 49.2
285486 49.2
286517 49.2
287547 49
288577 49
289608 49
290638 49
291670 49
292700 49
293731 49
294761 49
295792 49
296822 49
297853 49
298884 49.2
299915 49.2
300945 49.2
301976 49.2
303006 49.2
304037 49
305068 49
306099 49
307129 49
308160 49
309190 49
310221 49
311251 49
312283 49
313313 49
314344 49
315374 49
316405 49
317435 49
318467 49
319497 49
320528 49
321558 49
322589 49
323619 49.2
324651 49.2
325681 49.2
326712 49.2
327742 49.2
328773 49
329803 49
330834 49
331865 49
332896 49
333926 49
334957 49
335987 49
337018 49
338049 49
339080 49
340110 49
341141 49
342171 49
343202 49.2
344232 49.2
345264 49.4
346294 49.6
347325 49.6
348355 49.4
349386 49.6
350416 49.6
351448 49.4
352478 49.4
353509 49.4
354539 49.2
355570 49.2
356600 49.2
357632 49.4
358662 49.6
359693 49.8
360723 49.6
361754 49.6
362784 49.6
363815 49.4
364846 49.2
365877 49.4
366907 49.6
367938 49.4
368968 49.4
369999 49.6
371030 49.6
372061 49.6
373091 49.8
374122 49.8
375152 49.8
376183 49.6
377213 49.6
378245 49.4
379275 49.6
380306 49.6
381336 49.6
382367 49.4
383397 49.6
384429 49.4
385459 49.2
386490 49.2
387520 49.2
388551 49
389581 49
390612 49
391643 49
392674 49
393704 49
394735 49
395765 49
396796 49
397827 49.2
398858 49.4
399888 49.4
400919 49.4
401949 49.6
402980 49.6
404011 49.4
405042 49.4
406072 49.6
407103 49.4
408133 49.2
409164 49.2
410194 49.4
411226 49.2
412256 49.2
413287 49.2
