0 50
1000 50
2000 50
3000 50
4000 50
5000 50
6000 50
7000 50
8000 50
9000 50
10000 50
11000 50
12000 50
13000 50
14000 50
15000 50
16000 50
17000 50
18000 50
19000 50
20000 50
21000 50
22000 50
23000 50
24000 50
25000 50
26000 50
27000 50
28000 50
29000 50
30000 50
31000 50
32000 50
33000 50
34000 50
35000 50
36000 50
37000 50
38000 50
39000 50
40000 50
41000 50
42000 50
43000 50
44000 50
45000 50
46000 50
47000 50
48000 50
49000 50
50000 20
51000 20
52000 20
53000 20
54000 20
55000 20
56000 20
57000 20
58000 20
59000 20
60000 20
61000 20
62000 20
63000 20
64000 20
65000 20
66000 20
67000 20
68000 20
69000 20
70000 20
71000 20
72000 20
73000 20
74000 20
75000 20
76000 20
77000 20
78000 20
79000 20
80000 20
81000 20
82000 20
83000 20
84000 20
85000 20
86000 20
87000 20
88000 20
89000 20
90000 20
91000 20
92000 20
93000 20
94000 20
95000 20
96000 20
97000 20
98000 20
99000 20
