0 50 0
1000 50 0
2000 50 0
3000 50 0
4000 50 0
5000 50 0
6000 50 0
7000 50 0
8000 50 0
9000 50 0
10000 50 0
11000 50 0
12000 50 0
13000 50 0
14000 50 0
15000 50 0
16000 50 0
17000 50 0
18000 50 0
19000 50 0
20000 50 0
21000 50 0
22000 50 0
23000 50 0
24000 50 0
25000 50 0
26000 50 0
27000 50 0
28000 50 0
29000 50 0
30000 50 0
31000 50 0
32000 50 0
33000 50 0
34000 50 0
35000 50 0
36000 50 0
37000 50 0
38000 50 0
39000 50 0
40000 50 0
41000 50 0
42000 50 0
43000 50 0
44000 50 0
45000 50 0
46000 50 0
47000 50 0
48000 50 0
49000 50 0
50000 50 0
51000 50 0
52000 20 0
53000 20 0
54000 20 1
55000 20 1
56000 20 1
57000 20 1
58000 20 1
59000 20 1
60000 20 1
61000 20 1
62000 20 1
63000 20 1
64000 20 1
65000 20 1
66000 20 1
67000 20 1
68000 20 1
69000 20 1
70000 20 1
71000 20 1
72000 20 1
73000 20 1
74000 20 1
75000 20 1
76000 20 1
77000 20 1
78000 20 1
79000 20 1
80000 20 1
81000 20 1
82000 20 1
83000 20 1
84000 20 1
85000 20 1
86000 20 1
87000 20 1
88000 20 1
89000 20 1
90000 20 1
91000 20 1
92000 20 1
93000 20 1
94000 20 1
95000 20 1
96000 20 1
97000 20 1
98000 20 1
99000 20 1
