0 50
1000 50
2000 50
3000 50
4000 50
5000 50
6000 50
7000 50
8000 50
9000 50
10000 50
11000 50
12000 50
13000 50
14000 50
15000 50
16000 50
17000 50
18000 50
19000 50
20000 100
21000 75
22000 62.5
23000 56.25
24000 53.125
25000 51.5625
26000 50.7812
27000 50.3906
28000 50.1953
29000 50.0977
30000 50.0488
31000 50.0244
32000 50.0122
33000 50.0061
34000 50.0031
35000 50.0015
36000 50.0008
37000 50.0004
38000 50.0002
39000 50.0001
40000 50
41000 50
42000 50
43000 50
44000 50
45000 50
46000 50
47000 50
48000 50
49000 50
50000 35
51000 27.5
52000 23.75
53000 21.875
54000 20.9375
55000 20.4688
56000 20.2344
57000 20.1172
58000 20.0586
59000 20.0293
60000 20.0146
61000 20.0073
62000 20.0037
63000 20.0018
64000 20.0009
65000 20.0005
66000 20.0002
67000 20.0001
68000 20.0001
69000 20
70000 20
71000 20
72000 20
73000 20
74000 20
75000 20
76000 20
77000 20
78000 20
79000 20
80000 20
81000 20
82000 20
83000 20
84000 20
85000 20
86000 20
87000 20
88000 20
89000 20
90000 20
91000 20
92000 20
93000 20
94000 20
95000 20
96000 20
97000 20
98000 20
99000 20
